Approvals is not set up to use your test framework.
It currently supports [NUnit, MsTest, MbUnit, xUnit.net, xUnit.extensions, Machine.Specifications (MSpec)]
To add one use ApprovalTests.Namers.StackTraceParsers.StackTraceParser.AddParser() method to add implementation of ApprovalTests.Namers.StackTraceParsers.IStackTraceParser with support for your testing framework.
To learn how to implement one see http://blog.approvaltests.com/2012/01/creating-namers.html