<xml a="456" b="123">
  <hello />
  <start>hi</start>
</xml>