"C:\Program Files\TortoiseHg\kdiff3.exe" "../../b.txt" "../../a.txt"