Root = <Turtle>, ref: 0
{
    Name = "jim"
    On = <Turtle>
    {
        Name = "kasper"
        On = <Turtle>
        {
            Name = "llewellyn"
            On =  -> 0
        }
    }
}
