GetDotNetVersion => Net_v4.0.30319.18063
GetOsName => Windows_7
GetUserName => ForUser.llewellyn
