GetDotNetVersion => Net_v4.0.30319.18047
GetOsName => Microsoft_Windows_7_Professional_N
