
    select
        company0_.Id as Id0_,
        company0_.Name as Name0_,
        company0_.Website as Website0_ 
    from
        Company company0_ 
    where
        company0_.Name like ('Mic'+'%')